RAM Allocation [bytes]
Variable                                                                          Address   Size
------------------------------------------------------------------------------------------------
tick                                                                              0x0160       4
rx_buffer                                                                         0x0164      20
tx_buffer                                                                         0x0178      20

EEPROM Allocation [bytes]
Variable                                                                          Address   Size
------------------------------------------------------------------------------------------------

Register Allocation
Variable                                                                          Register  Size
------------------------------------------------------------------------------------------------
enkdt                                                                             R2.0      1bit
openeng                                                                           R5           1
tfor                                                                              R6,R7        2
rx_wr_index                                                                       R4           1
rx_rd_index                                                                       R9           1
rx_counter                                                                        R8           1
rx_buffer_overflow                                                                R2.1      1bit
tx_wr_index                                                                       R11          1
tx_rd_index                                                                       R10          1
tx_counter                                                                        R13          1

FLASH Allocation [words]
Function                                                                          Address   Size
------------------------------------------------------------------------------------------------
ext_int0_isr                                                                      0x0005D      1
ext_int1_isr                                                                      0x0005E      1
usart_rx_isr                                                                      0x0005F     27
usart_tx_isr                                                                      0x0007A     20
putchar                                                                           0x0008E     26
timer0_ovf_isr                                                                    0x000A8      5
timer1_compa_isr                                                                  0x000AD      2
timer1_compb_isr                                                                  0x000AF      2
timer2_ovf_isr                                                                    0x000B1     29
timer2_comp_isr                                                                   0x000CE      3
read_adc                                                                          0x000D1     15
setpwm_kdt                                                                        0x000E0     30
stop_kdt                                                                          0x000FE      4
setforsunka                                                                       0x00102     24
stopforsunka                                                                      0x0011A     10
main                                                                              0x00124    148
put_usart_G100                                                                    0x001B8     12
_print_G100                                                                       0x001C4    329
printf                                                                            0x0030D     30
strlen                                                                            0x0032B     11
strlenf                                                                           0x00336     12
